// Jest Snapshot v1, https://goo.gl/fbAQLP

exports[`should take a snapshot 1`] = `
<DocumentFragment>
  <div
    class="Toastify"
  />
  <div>
    <div
      class="row"
    >
      <div
        class="col-wrapper"
      >
        <div
          class="col-group"
        >
          <h5
            class="col-header"
          >
            REWARD
          </h5>
        </div>
        <div
          class="drop-wrapper"
        >
          <div
            class="col"
          >
            <div
              class="item"
              draggable="true"
            >
              <div
                class="flex"
              >
                <p
                  class="pContent"
                >
                  R1
                </p>
                <span
                  class="iconContent type-Reward"
                  height="1px"
                  width="1px"
                >
                  <svg
                    aria-hidden="true"
                    class="svg-inline--fa fa-times fa-w-11 "
                    data-icon="times"
                    data-prefix="fas"
                    focusable="false"
                    role="img"
                    viewBox="0 0 352 512"
                    xmlns="http://www.w3.org/2000/svg"
                  >
                    <path
                      d="M242.72 256l100.07-100.07c12.28-12.28 12.28-32.19 0-44.48l-22.24-22.24c-12.28-12.28-32.19-12.28-44.48 0L176 189.28 75.93 89.21c-12.28-12.28-32.19-12.28-44.48 0L9.21 111.45c-12.28 12.28-12.28 32.19 0 44.48L109.28 256 9.21 356.07c-12.28 12.28-12.28 32.19 0 44.48l22.24 22.24c12.28 12.28 32.2 12.28 44.48 0L176 322.72l100.07 100.07c12.28 12.28 32.2 12.28 44.48 0l22.24-22.24c12.28-12.28 12.28-32.19 0-44.48L242.72 256z"
                      fill="currentColor"
                    />
                  </svg>
                </span>
              </div>
            </div>
            <div
              class="item"
              draggable="true"
            >
              <div
                class="flex"
              >
                <p
                  class="pContent"
                >
                  R2
                </p>
                <span
                  class="iconContent type-Reward"
                  height="1px"
                  width="1px"
                >
                  <svg
                    aria-hidden="true"
                    class="svg-inline--fa fa-times fa-w-11 "
                    data-icon="times"
                    data-prefix="fas"
                    focusable="false"
                    role="img"
                    viewBox="0 0 352 512"
                    xmlns="http://www.w3.org/2000/svg"
                  >
                    <path
                      d="M242.72 256l100.07-100.07c12.28-12.28 12.28-32.19 0-44.48l-22.24-22.24c-12.28-12.28-32.19-12.28-44.48 0L176 189.28 75.93 89.21c-12.28-12.28-32.19-12.28-44.48 0L9.21 111.45c-12.28 12.28-12.28 32.19 0 44.48L109.28 256 9.21 356.07c-12.28 12.28-12.28 32.19 0 44.48l22.24 22.24c12.28 12.28 32.2 12.28 44.48 0L176 322.72l100.07 100.07c12.28 12.28 32.2 12.28 44.48 0l22.24-22.24c12.28-12.28 12.28-32.19 0-44.48L242.72 256z"
                      fill="currentColor"
                    />
                  </svg>
                </span>
              </div>
            </div>
            <div
              class="item"
              draggable="true"
            >
              <div
                class="flex"
              >
                <p
                  class="pContent"
                >
                  R3
                </p>
                <span
                  class="iconContent type-Reward"
                  height="1px"
                  width="1px"
                >
                  <svg
                    aria-hidden="true"
                    class="svg-inline--fa fa-times fa-w-11 "
                    data-icon="times"
                    data-prefix="fas"
                    focusable="false"
                    role="img"
                    viewBox="0 0 352 512"
                    xmlns="http://www.w3.org/2000/svg"
                  >
                    <path
                      d="M242.72 256l100.07-100.07c12.28-12.28 12.28-32.19 0-44.48l-22.24-22.24c-12.28-12.28-32.19-12.28-44.48 0L176 189.28 75.93 89.21c-12.28-12.28-32.19-12.28-44.48 0L9.21 111.45c-12.28 12.28-12.28 32.19 0 44.48L109.28 256 9.21 356.07c-12.28 12.28-12.28 32.19 0 44.48l22.24 22.24c12.28 12.28 32.2 12.28 44.48 0L176 322.72l100.07 100.07c12.28 12.28 32.2 12.28 44.48 0l22.24-22.24c12.28-12.28 12.28-32.19 0-44.48L242.72 256z"
                      fill="currentColor"
                    />
                  </svg>
                </span>
              </div>
            </div>
            <div
              class="item"
              draggable="true"
            >
              <div
                class="flex"
              >
                <p
                  class="pContent"
                >
                  R4
                </p>
                <span
                  class="iconContent type-Reward"
                  height="1px"
                  width="1px"
                >
                  <svg
                    aria-hidden="true"
                    class="svg-inline--fa fa-times fa-w-11 "
                    data-icon="times"
                    data-prefix="fas"
                    focusable="false"
                    role="img"
                    viewBox="0 0 352 512"
                    xmlns="http://www.w3.org/2000/svg"
                  >
                    <path
                      d="M242.72 256l100.07-100.07c12.28-12.28 12.28-32.19 0-44.48l-22.24-22.24c-12.28-12.28-32.19-12.28-44.48 0L176 189.28 75.93 89.21c-12.28-12.28-32.19-12.28-44.48 0L9.21 111.45c-12.28 12.28-12.28 32.19 0 44.48L109.28 256 9.21 356.07c-12.28 12.28-12.28 32.19 0 44.48l22.24 22.24c12.28 12.28 32.2 12.28 44.48 0L176 322.72l100.07 100.07c12.28 12.28 32.2 12.28 44.48 0l22.24-22.24c12.28-12.28 12.28-32.19 0-44.48L242.72 256z"
                      fill="currentColor"
                    />
                  </svg>
                </span>
              </div>
            </div>
            <div
              class="item"
              draggable="true"
            >
              <div
                class="flex"
              >
                <p
                  class="pContent"
                >
                  R5
                </p>
                <span
                  class="iconContent type-Reward"
                  height="1px"
                  width="1px"
                >
                  <svg
                    aria-hidden="true"
                    class="svg-inline--fa fa-times fa-w-11 "
                    data-icon="times"
                    data-prefix="fas"
                    focusable="false"
                    role="img"
                    viewBox="0 0 352 512"
                    xmlns="http://www.w3.org/2000/svg"
                  >
                    <path
                      d="M242.72 256l100.07-100.07c12.28-12.28 12.28-32.19 0-44.48l-22.24-22.24c-12.28-12.28-32.19-12.28-44.48 0L176 189.28 75.93 89.21c-12.28-12.28-32.19-12.28-44.48 0L9.21 111.45c-12.28 12.28-12.28 32.19 0 44.48L109.28 256 9.21 356.07c-12.28 12.28-12.28 32.19 0 44.48l22.24 22.24c12.28 12.28 32.2 12.28 44.48 0L176 322.72l100.07 100.07c12.28 12.28 32.2 12.28 44.48 0l22.24-22.24c12.28-12.28 12.28-32.19 0-44.48L242.72 256z"
                      fill="currentColor"
                    />
                  </svg>
                </span>
              </div>
            </div>
          </div>
        </div>
      </div>
      <div
        class="col-wrapper"
      >
        <div
          class="col-group"
        >
          <h5
            class="col-header"
          >
            C1
          </h5>
        </div>
        <div
          class="drop-wrapper"
        >
          <div
            class="col"
          />
        </div>
      </div>
      <div
        class="col-wrapper"
      >
        <div
          class="col-group"
        >
          <h5
            class="col-header"
          >
            C2
          </h5>
        </div>
        <div
          class="drop-wrapper"
        >
          <div
            class="col"
          />
        </div>
      </div>
      <div
        class="col-wrapper"
      >
        <div
          class="col-group"
        >
          <h5
            class="col-header"
          >
            C3
          </h5>
        </div>
        <div
          class="drop-wrapper"
        >
          <div
            class="col"
          />
        </div>
      </div>
      <div
        class="col-wrapper"
      >
        <div
          class="col-group"
        >
          <h5
            class="col-header"
          >
            C4
          </h5>
        </div>
        <div
          class="drop-wrapper"
        >
          <div
            class="col"
          />
        </div>
      </div>
      <div
        class="col-wrapper"
      >
        <div
          class="col-group"
        >
          <h5
            class="col-header"
          >
            C5
          </h5>
        </div>
        <div
          class="drop-wrapper"
        >
          <div
            class="col"
          />
        </div>
      </div>
    </div>
    <div
      class="flex-container"
    >
      <div
        class="flex-right"
      >
        <button
          type="button"
        >
          Save
        </button>
      </div>
      <div>
        <button
          type="button"
        >
          Redo
        </button>
      </div>
      <div>
        <button
          type="button"
        >
          Undo
        </button>
      </div>
    </div>
  </div>
</DocumentFragment>
`;
